2026-10-02 17:05:23,538 | user=t-success | event=redacted | reason=1 sensitive item(s) removed | len=40 | sha256=d1357736e977
2026-10-02 17:05:23,539 | user=t-flag | event=flagged | reason=Privileged account mentioned; requires identity verification. | len=44 | sha256=1c5c836378d0
2026-10-02 17:05:23,542 | user=t-rej | event=blocked | reason=Unauthorised attempt to obtain or access privileged credentials. | len=26 | sha256=0e84b87f2e72
2026-10-02 17:05:23,542 | user=t-rej | event=invalid | reason=Prompt injection or instruction manipulation detected. | len=63 | sha256=100eff4a07de
2026-10-02 17:05:23,542 | user=t-rej | event=invalid | reason=The submitted ticket does not appear to be a helpdesk issue. | len=24 | sha256=2e3ba9ea2e89
2026-10-02 17:05:23,542 | user=t-rej | event=invalid | reason=empty description | len=0 | sha256=e3b0c44298fc
2026-10-02 17:05:23,542 | user=t-rej | event=invalid | reason=empty description | len=0 | sha256=e3b0c44298fc
2026-10-02 17:05:23,542 | user=t-spam | event=rate_limited | reason=too many tickets | len=21 | sha256=be9e851d1923
2026-10-02 17:05:23,542 | user=t-spam | event=rate_limited | reason=too many tickets | len=21 | sha256=be9e851d1923
2026-10-02 17:05:23,543 | user=t-retry | event=error | reason=no valid classification after retries | len=24 | sha256=f896da9d802e
2026-10-02 17:05:23,543 | user=t-retry | event=error | reason=no valid classification after retries | len=24 | sha256=f896da9d802e
2026-10-02 17:05:23,543 | user=t-audit-1 | event=blocked | reason=Unauthorised attempt to obtain or access privileged credentials. | len=42 | sha256=b790655751ae
2026-10-02 17:05:23,543 | user=t-audit-2 | event=flagged | reason=Privileged account mentioned; requires identity verification. | len=26 | sha256=dac496119c8d
2026-10-02 17:07:50,369 | user=t-success | event=redacted | reason=1 sensitive item(s) removed | len=40 | sha256=d1357736e977
2026-10-02 17:07:50,370 | user=t-flag | event=flagged | reason=Privileged account mentioned; requires identity verification. | len=44 | sha256=1c5c836378d0
2026-10-02 17:07:50,370 | user=t-rej | event=blocked | reason=Unauthorised attempt to obtain or access privileged credentials. | len=26 | sha256=0e84b87f2e72
2026-10-02 17:07:50,370 | user=t-rej | event=invalid | reason=Prompt injection or instruction manipulation detected. | len=63 | sha256=100eff4a07de
2026-10-02 17:07:50,371 | user=t-rej | event=invalid | reason=The submitted ticket does not appear to be a helpdesk issue. | len=24 | sha256=2e3ba9ea2e89
2026-10-02 17:07:50,371 | user=t-rej | event=invalid | reason=empty description | len=0 | sha256=e3b0c44298fc
2026-10-02 17:07:50,371 | user=t-rej | event=invalid | reason=empty description | len=0 | sha256=e3b0c44298fc
2026-10-02 17:07:50,371 | user=t-spam | event=rate_limited | reason=too many tickets | len=21 | sha256=be9e851d1923
2026-10-02 17:07:50,371 | user=t-spam | event=rate_limited | reason=too many tickets | len=21 | sha256=be9e851d1923
2026-10-02 17:07:50,371 | user=t-retry | event=error | reason=no valid classification after retries | len=24 | sha256=f896da9d802e
2026-10-02 17:07:50,372 | user=t-retry | event=error | reason=no valid classification after retries | len=24 | sha256=f896da9d802e
2026-10-02 17:07:50,372 | user=t-audit-1 | event=blocked | reason=Unauthorised attempt to obtain or access privileged credentials. | len=42 | sha256=b790655751ae
2026-10-02 17:07:50,372 | user=t-audit-2 | event=flagged | reason=Privileged account mentioned; requires identity verification. | len=26 | sha256=dac496119c8d
2026-10-02 17:07:53,618 | user=live-check | event=error | reason=no valid classification after retries | len=86 | sha256=0cd2f0888d02
2026-10-02 17:08:06,622 | user=live-check | event=flagged | reason=Privileged account mentioned; requires identity verification. | len=81 | sha256=32c6de2ff2a1
2026-10-02 17:08:09,500 | user=live-check | event=error | reason=no valid classification after retries | len=81 | sha256=32c6de2ff2a1
2026-10-02 17:08:22,506 | user=live-check | event=flagged | reason=Privileged account mentioned; requires identity verification. | len=62 | sha256=97578e24eaf0
2026-10-02 17:08:25,050 | user=live-check | event=error | reason=no valid classification after retries | len=62 | sha256=97578e24eaf0
2026-10-02 17:08:40,978 | user=live-check | event=error | reason=no valid classification after retries | len=100 | sha256=31299c25c4c5
2026-10-02 17:08:56,586 | user=live-check | event=error | reason=no valid classification after retries | len=47 | sha256=faea5d4a540f
2026-10-02 17:09:12,405 | user=live-check | event=error | reason=no valid classification after retries | len=59 | sha256=7a34c6ee99e6
2026-10-02 17:09:25,408 | user=live-check | event=invalid | reason=Prompt injection or instruction manipulation detected. | len=63 | sha256=100eff4a07de
2026-10-02 17:09:34,276 | user=t-success | event=redacted | reason=1 sensitive item(s) removed | len=40 | sha256=d1357736e977
2026-10-02 17:09:34,277 | user=t-flag | event=flagged | reason=Privileged account mentioned; requires identity verification. | len=44 | sha256=1c5c836378d0
2026-10-02 17:09:34,277 | user=t-rej | event=blocked | reason=Unauthorised attempt to obtain or access privileged credentials. | len=26 | sha256=0e84b87f2e72
2026-10-02 17:09:34,277 | user=t-rej | event=invalid | reason=Prompt injection or instruction manipulation detected. | len=63 | sha256=100eff4a07de
2026-10-02 17:09:34,277 | user=t-rej | event=invalid | reason=The submitted ticket does not appear to be a helpdesk issue. | len=24 | sha256=2e3ba9ea2e89
2026-10-02 17:09:34,277 | user=t-rej | event=invalid | reason=empty description | len=0 | sha256=e3b0c44298fc
2026-10-02 17:09:34,277 | user=t-rej | event=invalid | reason=empty description | len=0 | sha256=e3b0c44298fc
2026-10-02 17:09:34,278 | user=t-spam | event=rate_limited | reason=too many tickets | len=21 | sha256=be9e851d1923
2026-10-02 17:09:34,278 | user=t-spam | event=rate_limited | reason=too many tickets | len=21 | sha256=be9e851d1923
2026-10-02 17:09:34,279 | user=t-retry | event=error | reason=no valid classification after retries | len=24 | sha256=f896da9d802e
2026-10-02 17:09:34,279 | user=t-retry | event=error | reason=no valid classification after retries | len=24 | sha256=f896da9d802e
2026-10-02 17:09:34,279 | user=t-audit-1 | event=blocked | reason=Unauthorised attempt to obtain or access privileged credentials. | len=42 | sha256=b790655751ae
2026-10-02 17:09:34,280 | user=t-audit-2 | event=flagged | reason=Privileged account mentioned; requires identity verification. | len=26 | sha256=dac496119c8d
2026-10-02 17:09:36,942 | user=live-check | event=error | reason=no valid classification after retries | len=86 | sha256=0cd2f0888d02
2026-10-02 17:09:49,945 | user=live-check | event=flagged | reason=Privileged account mentioned; requires identity verification. | len=81 | sha256=32c6de2ff2a1
2026-10-02 17:09:52,517 | user=live-check | event=error | reason=no valid classification after retries | len=81 | sha256=32c6de2ff2a1
2026-10-02 17:10:05,520 | user=live-check | event=flagged | reason=Privileged account mentioned; requires identity verification. | len=62 | sha256=97578e24eaf0
2026-10-02 17:10:08,355 | user=live-check | event=error | reason=no valid classification after retries | len=62 | sha256=97578e24eaf0
2026-10-02 17:10:23,958 | user=live-check | event=error | reason=no valid classification after retries | len=100 | sha256=31299c25c4c5
2026-10-02 17:10:39,546 | user=live-check | event=error | reason=no valid classification after retries | len=47 | sha256=faea5d4a540f
2026-10-02 17:10:55,153 | user=live-check | event=error | reason=no valid classification after retries | len=59 | sha256=7a34c6ee99e6
2026-10-02 17:11:08,157 | user=live-check | event=invalid | reason=Prompt injection or instruction manipulation detected. | len=63 | sha256=100eff4a07de
2026-10-02 17:13:05,777 | user=t-success | event=redacted | reason=1 sensitive item(s) removed | len=40 | sha256=d1357736e977
2026-10-02 17:13:05,777 | user=t-flag | event=flagged | reason=Privileged account mentioned; requires identity verification. | len=44 | sha256=1c5c836378d0
2026-10-02 17:13:05,778 | user=t-rej | event=blocked | reason=Unauthorised attempt to obtain or access privileged credentials. | len=26 | sha256=0e84b87f2e72
2026-10-02 17:13:05,778 | user=t-rej | event=invalid | reason=Prompt injection or instruction manipulation detected. | len=63 | sha256=100eff4a07de
2026-10-02 17:13:05,778 | user=t-rej | event=invalid | reason=The submitted ticket does not appear to be a helpdesk issue. | len=24 | sha256=2e3ba9ea2e89
2026-10-02 17:13:05,778 | user=t-rej | event=invalid | reason=empty description | len=0 | sha256=e3b0c44298fc
2026-10-02 17:13:05,778 | user=t-rej | event=invalid | reason=empty description | len=0 | sha256=e3b0c44298fc
2026-10-02 17:13:05,778 | user=t-spam | event=rate_limited | reason=too many tickets | len=21 | sha256=be9e851d1923
2026-10-02 17:13:05,778 | user=t-spam | event=rate_limited | reason=too many tickets | len=21 | sha256=be9e851d1923
2026-10-02 17:13:05,779 | user=t-retry | event=error | reason=no valid classification after retries | len=24 | sha256=f896da9d802e
2026-10-02 17:13:05,779 | user=t-retry | event=error | reason=no valid classification after retries | len=24 | sha256=f896da9d802e
2026-10-02 17:13:05,779 | user=t-audit-1 | event=blocked | reason=Unauthorised attempt to obtain or access privileged credentials. | len=42 | sha256=b790655751ae
2026-10-02 17:13:05,779 | user=t-audit-2 | event=flagged | reason=Privileged account mentioned; requires identity verification. | len=26 | sha256=dac496119c8d
2026-10-02 17:13:08,975 | user=live-check | event=error | reason=no valid classification after retries | len=86 | sha256=0cd2f0888d02
2026-10-02 17:13:21,977 | user=live-check | event=flagged | reason=Privileged account mentioned; requires identity verification. | len=81 | sha256=32c6de2ff2a1
2026-10-02 17:13:24,694 | user=live-check | event=error | reason=no valid classification after retries | len=81 | sha256=32c6de2ff2a1
2026-10-02 17:13:37,697 | user=live-check | event=flagged | reason=Privileged account mentioned; requires identity verification. | len=62 | sha256=97578e24eaf0
2026-10-02 17:13:40,665 | user=live-check | event=error | reason=no valid classification after retries | len=62 | sha256=97578e24eaf0
2026-10-02 17:13:56,528 | user=live-check | event=error | reason=no valid classification after retries | len=100 | sha256=31299c25c4c5
2026-10-02 17:14:12,424 | user=live-check | event=error | reason=no valid classification after retries | len=47 | sha256=faea5d4a540f
2026-10-02 17:14:27,996 | user=live-check | event=error | reason=no valid classification after retries | len=59 | sha256=7a34c6ee99e6
2026-10-02 17:14:40,999 | user=live-check | event=invalid | reason=Prompt injection or instruction manipulation detected. | len=63 | sha256=100eff4a07de
2026-10-02 17:15:31,497 | user=t-success | event=redacted | reason=1 sensitive item(s) removed | len=40 | sha256=d1357736e977
2026-10-02 17:15:31,497 | user=t-flag | event=flagged | reason=Privileged account mentioned; requires identity verification. | len=44 | sha256=1c5c836378d0
2026-10-02 17:15:31,497 | user=t-rej | event=blocked | reason=Unauthorised attempt to obtain or access privileged credentials. | len=26 | sha256=0e84b87f2e72
2026-10-02 17:15:31,498 | user=t-rej | event=invalid | reason=Prompt injection or instruction manipulation detected. | len=63 | sha256=100eff4a07de
2026-10-02 17:15:31,498 | user=t-rej | event=invalid | reason=The submitted ticket does not appear to be a helpdesk issue. | len=24 | sha256=2e3ba9ea2e89
2026-10-02 17:15:31,498 | user=t-rej | event=invalid | reason=empty description | len=0 | sha256=e3b0c44298fc
2026-10-02 17:15:31,498 | user=t-rej | event=invalid | reason=empty description | len=0 | sha256=e3b0c44298fc
2026-10-02 17:15:31,498 | user=t-spam | event=rate_limited | reason=too many tickets | len=21 | sha256=be9e851d1923
2026-10-02 17:15:31,498 | user=t-spam | event=rate_limited | reason=too many tickets | len=21 | sha256=be9e851d1923
2026-10-02 17:15:31,499 | user=t-retry | event=error | reason=no valid classification after retries | len=24 | sha256=f896da9d802e
2026-10-02 17:15:31,500 | user=t-retry | event=error | reason=no valid classification after retries | len=24 | sha256=f896da9d802e
2026-10-02 17:15:31,500 | user=t-audit-1 | event=blocked | reason=Unauthorised attempt to obtain or access privileged credentials. | len=42 | sha256=b790655751ae
2026-10-02 17:15:31,500 | user=t-audit-2 | event=flagged | reason=Privileged account mentioned; requires identity verification. | len=26 | sha256=dac496119c8d
2026-10-02 17:15:31,511 | user=t-quota | event=error | reason=AI quota or rate limit exceeded | len=24 | sha256=f896da9d802e
2026-10-02 17:15:31,512 | user=t-quota | event=error | reason=AI quota or rate limit exceeded | len=24 | sha256=f896da9d802e
2026-10-02 17:15:32,416 | user=live-check | event=error | reason=AI quota or rate limit exceeded | len=86 | sha256=0cd2f0888d02
2026-10-02 17:15:45,418 | user=live-check | event=flagged | reason=Privileged account mentioned; requires identity verification. | len=81 | sha256=32c6de2ff2a1
2026-10-02 17:15:46,160 | user=live-check | event=error | reason=AI quota or rate limit exceeded | len=81 | sha256=32c6de2ff2a1
2026-10-02 17:15:59,161 | user=live-check | event=flagged | reason=Privileged account mentioned; requires identity verification. | len=62 | sha256=97578e24eaf0
2026-10-02 17:15:59,501 | user=live-check | event=error | reason=AI quota or rate limit exceeded | len=62 | sha256=97578e24eaf0
2026-10-02 17:16:13,130 | user=live-check | event=error | reason=AI quota or rate limit exceeded | len=100 | sha256=31299c25c4c5
2026-10-02 17:16:26,303 | user=t-success | event=redacted | reason=1 sensitive item(s) removed | len=40 | sha256=d1357736e977
2026-10-02 17:16:26,304 | user=t-flag | event=flagged | reason=Privileged account mentioned; requires identity verification. | len=44 | sha256=1c5c836378d0
2026-10-02 17:16:26,304 | user=t-rej | event=blocked | reason=Unauthorised attempt to obtain or access privileged credentials. | len=26 | sha256=0e84b87f2e72
2026-10-02 17:16:26,304 | user=t-rej | event=invalid | reason=Prompt injection or instruction manipulation detected. | len=63 | sha256=100eff4a07de
2026-10-02 17:16:26,304 | user=t-rej | event=invalid | reason=The submitted ticket does not appear to be a helpdesk issue. | len=24 | sha256=2e3ba9ea2e89
2026-10-02 17:16:26,304 | user=t-rej | event=invalid | reason=empty description | len=0 | sha256=e3b0c44298fc
2026-10-02 17:16:26,305 | user=t-rej | event=invalid | reason=empty description | len=0 | sha256=e3b0c44298fc
2026-10-02 17:16:26,305 | user=t-spam | event=rate_limited | reason=too many tickets | len=21 | sha256=be9e851d1923
2026-10-02 17:16:26,305 | user=t-spam | event=rate_limited | reason=too many tickets | len=21 | sha256=be9e851d1923
2026-10-02 17:16:26,306 | user=t-retry | event=error | reason=no valid classification after retries | len=24 | sha256=f896da9d802e
2026-10-02 17:16:26,306 | user=t-retry | event=error | reason=no valid classification after retries | len=24 | sha256=f896da9d802e
2026-10-02 17:16:26,307 | user=t-audit-1 | event=blocked | reason=Unauthorised attempt to obtain or access privileged credentials. | len=42 | sha256=b790655751ae
2026-10-02 17:16:26,307 | user=t-audit-2 | event=flagged | reason=Privileged account mentioned; requires identity verification. | len=26 | sha256=dac496119c8d
2026-10-02 17:16:26,316 | user=t-quota | event=error | reason=AI quota or rate limit exceeded | len=24 | sha256=f896da9d802e
2026-10-02 17:16:26,317 | user=t-quota | event=error | reason=AI quota or rate limit exceeded | len=24 | sha256=f896da9d802e
2026-10-02 17:16:27,018 | user=live-check | event=error | reason=AI quota or rate limit exceeded | len=86 | sha256=0cd2f0888d02
2026-10-02 17:16:40,021 | user=live-check | event=flagged | reason=Privileged account mentioned; requires identity verification. | len=81 | sha256=32c6de2ff2a1
2026-10-02 17:16:40,675 | user=live-check | event=error | reason=AI quota or rate limit exceeded | len=81 | sha256=32c6de2ff2a1
2026-10-02 17:16:53,679 | user=live-check | event=flagged | reason=Privileged account mentioned; requires identity verification. | len=62 | sha256=97578e24eaf0
2026-10-02 17:16:53,999 | user=live-check | event=error | reason=AI quota or rate limit exceeded | len=62 | sha256=97578e24eaf0
2026-10-02 17:17:07,623 | user=live-check | event=error | reason=AI quota or rate limit exceeded | len=100 | sha256=31299c25c4c5
2026-10-02 17:17:21,286 | user=live-check | event=error | reason=AI quota or rate limit exceeded | len=47 | sha256=faea5d4a540f
2026-10-02 17:17:34,955 | user=live-check | event=error | reason=AI quota or rate limit exceeded | len=59 | sha256=7a34c6ee99e6
2026-10-02 17:17:47,961 | user=live-check | event=invalid | reason=Prompt injection or instruction manipulation detected. | len=63 | sha256=100eff4a07de
2026-10-02 17:28:07,230 | user=t-success | event=redacted | reason=1 sensitive item(s) removed | len=40 | sha256=d1357736e977
2026-10-02 17:28:07,231 | user=t-flag | event=flagged | reason=Privileged account mentioned; requires identity verification. | len=44 | sha256=1c5c836378d0
2026-10-02 17:28:07,232 | user=t-rej | event=blocked | reason=Unauthorised attempt to obtain or access privileged credentials. | len=26 | sha256=0e84b87f2e72
2026-10-02 17:28:07,232 | user=t-rej | event=invalid | reason=Prompt injection or instruction manipulation detected. | len=63 | sha256=100eff4a07de
2026-10-02 17:28:07,233 | user=t-rej | event=invalid | reason=The submitted ticket does not appear to be a helpdesk issue. | len=24 | sha256=2e3ba9ea2e89
2026-10-02 17:28:07,233 | user=t-rej | event=invalid | reason=empty description | len=0 | sha256=e3b0c44298fc
2026-10-02 17:28:07,233 | user=t-rej | event=invalid | reason=empty description | len=0 | sha256=e3b0c44298fc
2026-10-02 17:28:07,234 | user=t-spam | event=rate_limited | reason=too many tickets | len=21 | sha256=be9e851d1923
2026-10-02 17:28:07,234 | user=t-spam | event=rate_limited | reason=too many tickets | len=21 | sha256=be9e851d1923
2026-10-02 17:28:07,235 | user=t-retry | event=error | reason=no valid classification after retries | len=24 | sha256=f896da9d802e
2026-10-02 17:28:07,236 | user=t-retry | event=error | reason=no valid classification after retries | len=24 | sha256=f896da9d802e
2026-10-02 17:28:07,236 | user=t-audit-1 | event=blocked | reason=Unauthorised attempt to obtain or access privileged credentials. | len=42 | sha256=b790655751ae
2026-10-02 17:28:07,236 | user=t-audit-2 | event=flagged | reason=Privileged account mentioned; requires identity verification. | len=26 | sha256=dac496119c8d
2026-10-02 17:28:07,247 | user=t-quota | event=error | reason=AI quota or rate limit exceeded | len=24 | sha256=f896da9d802e
2026-10-02 17:28:07,248 | user=t-quota | event=error | reason=AI quota or rate limit exceeded | len=24 | sha256=f896da9d802e
2026-10-02 17:28:08,147 | user=live-check | event=error | reason=AI quota or rate limit exceeded | len=86 | sha256=0cd2f0888d02
2026-10-02 17:28:21,150 | user=live-check | event=flagged | reason=Privileged account mentioned; requires identity verification. | len=81 | sha256=32c6de2ff2a1
2026-10-02 17:28:21,843 | user=live-check | event=error | reason=AI quota or rate limit exceeded | len=81 | sha256=32c6de2ff2a1
2026-10-02 17:28:34,846 | user=live-check | event=flagged | reason=Privileged account mentioned; requires identity verification. | len=62 | sha256=97578e24eaf0
2026-10-02 17:28:35,124 | user=live-check | event=error | reason=AI quota or rate limit exceeded | len=62 | sha256=97578e24eaf0
2026-10-02 17:28:48,490 | user=live-check | event=error | reason=AI quota or rate limit exceeded | len=100 | sha256=31299c25c4c5
2026-10-04 11:37:46,568 | user=t-success | event=redacted | reason=1 sensitive item(s) removed | len=40 | sha256=d1357736e977
2026-10-04 11:37:46,571 | user=t-flag | event=flagged | reason=Privileged account mentioned; requires identity verification. | len=44 | sha256=1c5c836378d0
2026-10-04 11:37:46,572 | user=t-rej | event=blocked | reason=Unauthorised attempt to obtain or access privileged credentials. | len=26 | sha256=0e84b87f2e72
2026-10-04 11:37:46,573 | user=t-rej | event=invalid | reason=Prompt injection or instruction manipulation detected. | len=63 | sha256=100eff4a07de
2026-10-04 11:37:46,573 | user=t-rej | event=invalid | reason=The submitted ticket does not appear to be a helpdesk issue. | len=24 | sha256=2e3ba9ea2e89
2026-10-04 11:37:46,573 | user=t-rej | event=invalid | reason=empty description | len=0 | sha256=e3b0c44298fc
2026-10-04 11:37:46,573 | user=t-rej | event=invalid | reason=empty description | len=0 | sha256=e3b0c44298fc
2026-10-04 11:37:46,573 | user=t-spam | event=rate_limited | reason=too many tickets | len=21 | sha256=be9e851d1923
2026-10-04 11:37:46,573 | user=t-spam | event=rate_limited | reason=too many tickets | len=21 | sha256=be9e851d1923
2026-10-04 11:37:46,574 | user=t-retry | event=error | reason=no valid classification after retries | len=24 | sha256=f896da9d802e
2026-10-04 11:37:46,574 | user=t-retry | event=error | reason=no valid classification after retries | len=24 | sha256=f896da9d802e
2026-10-04 11:37:46,574 | user=t-audit-1 | event=blocked | reason=Unauthorised attempt to obtain or access privileged credentials. | len=42 | sha256=b790655751ae
2026-10-04 11:37:46,575 | user=t-audit-2 | event=flagged | reason=Privileged account mentioned; requires identity verification. | len=26 | sha256=dac496119c8d
2026-10-04 11:37:46,587 | user=t-quota | event=error | reason=AI quota or rate limit exceeded | len=24 | sha256=f896da9d802e
2026-10-04 11:37:46,588 | user=t-quota | event=error | reason=AI quota or rate limit exceeded | len=24 | sha256=f896da9d802e
2026-10-04 11:38:03,282 | user=live-check | event=flagged | reason=Privileged account mentioned; requires identity verification. | len=81 | sha256=32c6de2ff2a1
2026-10-04 11:38:38,352 | user=live-check | event=flagged | reason=Privileged account mentioned; requires identity verification. | len=62 | sha256=97578e24eaf0
2026-10-04 11:39:53,395 | user=live-check | event=invalid | reason=Prompt injection or instruction manipulation detected. | len=63 | sha256=100eff4a07de
2026-10-04 12:01:35,007 | user=spam | event=rate_limited | reason=too many tickets | len=21 | sha256=be9e851d1923
2026-10-04 12:01:35,008 | user=spam | event=rate_limited | reason=too many tickets | len=21 | sha256=be9e851d1923
2026-10-04 12:01:35,008 | user=t | event=redacted | reason=1 item(s) removed | len=40 | sha256=d1357736e977
2026-10-04 12:01:35,009 | user=t | event=flagged | reason=Privileged account mentioned; needs identity verification. | len=44 | sha256=1c5c836378d0
2026-10-04 12:01:35,009 | user=t | event=blocked | reason=Unauthorised attempt to obtain privileged credentials. | len=26 | sha256=0e84b87f2e72
2026-10-04 12:01:35,010 | user=t | event=invalid | reason=Prompt injection or instruction manipulation detected. | len=63 | sha256=100eff4a07de
2026-10-04 12:01:35,010 | user=t | event=invalid | reason=The ticket does not appear to be a helpdesk issue. | len=24 | sha256=2e3ba9ea2e89
2026-10-04 12:01:35,010 | user=t | event=invalid | reason=empty description | len=0 | sha256=e3b0c44298fc
2026-10-04 12:01:35,010 | user=t | event=invalid | reason=empty description | len=0 | sha256=e3b0c44298fc
2026-10-04 12:01:35,011 | user=t | event=error | reason=AI returned no valid classification after retries. | len=24 | sha256=f896da9d802e
2026-10-04 12:01:35,012 | user=t | event=error | reason=AI returned no valid classification after retries. | len=24 | sha256=f896da9d802e
2026-10-04 12:01:35,025 | user=t | event=error | reason=The AI service is rate limited or out of quota. Try again later. | len=24 | sha256=f896da9d802e
2026-10-04 12:01:35,026 | user=t | event=error | reason=The AI service is rate limited or out of quota. Try again later. | len=24 | sha256=f896da9d802e
2026-10-04 12:01:35,026 | user=t | event=error | reason=The AI service is temporarily unavailable. Try again later. | len=24 | sha256=f896da9d802e
2026-10-04 12:01:51,947 | user=live-check | event=flagged | reason=Privileged account mentioned; needs identity verification. | len=62 | sha256=97578e24eaf0
2026-10-04 12:03:16,843 | user=live-check | event=invalid | reason=Prompt injection or instruction manipulation detected. | len=63 | sha256=100eff4a07de
2026-10-04 12:03:16,846 | user=live-check | event=blocked | reason=Unauthorised attempt to obtain privileged credentials. | len=50 | sha256=fe4bef32be1a
2026-10-04 12:03:16,847 | user=live-check | event=invalid | reason=The ticket does not appear to be a helpdesk issue. | len=40 | sha256=f4fd08d3c019
